Population Size	Vaccination Percentage	Virus Name	Mortality Rate	Basic Reproduction Number
100				0.3					TestVirus		0.1			1.5

